// Vitest Snapshot v1, https://vitest.dev/guide/snapshot.html

exports[`AppFooter > renders correctly 1`] = `
"<footer data-v-a17b08dd="" class="border-line no-print border-t px-8 py-8 text-center">
  <p data-v-a17b08dd="" class="text-fg-subtle font-mono text-[0.7rem]"> © Dan Holloran 2026 · <a data-v-a17b08dd="" href="/posts/" class="text-fg-subtle hover:text-accent no-underline"> blog </a>
    <!--v-if--> · Built with Vue.js + Tailwind CSS + <svg data-v-a17b08dd="" aria-hidden="true" xmlns="http://www.w3.org/2000/svg" viewBox="0 0 24 24" fill="currentColor" class="text-accent heartbeat inline size-4">
      <path data-v-a17b08dd="" d="m11.645 20.91-.007-.003-.022-.012a15.247 15.247 0 0 1-.383-.218 25.18 25.18 0 0 1-4.244-3.17C4.688 15.36 2.25 12.174 2.25 8.25 2.25 5.322 4.714 3 7.688 3A5.5 5.5 0 0 1 12 5.052 5.5 5.5 0 0 1 16.313 3c2.973 0 5.437 2.322 5.437 5.25 0 3.925-2.438 7.111-4.739 9.256a25.175 25.175 0 0 1-4.244 3.17 15.247 15.247 0 0 1-.383.219l-.022.012-.007.004-.003.001a.752.752 0 0 1-.704 0l-.003-.001Z"></path>
    </svg> in <span data-v-a17b08dd="" class="inline-block text-left" style="min-width: 14ch;"><transition-stub data-v-a17b08dd="" name="location-fade" mode="out-in" appear="false" persisted="false" css="true"><span data-v-a17b08dd="">St. Louis, MO</span></transition-stub></span>
  </p>
</footer>"
`;
